8.4s 1 0.00s - Debugger warning: It seems that frozen modules are being used, which may
8.4s 2 0.00s - make the debugger miss breakpoints. Please pass -Xfrozen_modules=off
8.4s 3 0.00s - to python to disable frozen modules.
8.4s 4 0.00s - Note: Debugging will proceed. Set PYDEVD_DISABLE_FILE_VALIDATION=1 to disable this validation.
9.0s 5 0.00s - Debugger warning: It seems that frozen modules are being used, which may
9.0s 6 0.00s - make the debugger miss breakpoints. Please pass -Xfrozen_modules=off
9.0s 7 0.00s - to python to disable frozen modules.
9.0s 8 0.00s - Note: Debugging will proceed. Set PYDEVD_DISABLE_FILE_VALIDATION=1 to disable this validation.
13.1s 9 ALIGNMENT OK | emb (7101, 768) | 16 features | pool of 12: ['burstiness', 'ttr', 'quote_ratio', 'quote_variety', 'coord_sub_ratio', 'function_word_ratio', 'pos_entropy', 'passive_ratio', 'clause_depth', 'compressibility', 'zipf_deviation', 'sent_opener_diversity']
13.1s 10 excluded (inert, kept as references): ['targeted_ppl', 'entity_density', 'discourse_coherence']
13.1s 11 excluded (near-duplicate of compressibility): ['char_ngram_repetition']
13.1s 12 search space with MIN_ACTIVE=4: 3797 configurations
13.1s 13 collinear pairs inside the pool (|r| > 0.45):
13.1s 14 compressibility          x zipf_deviation           r=+0.88  [high]
13.1s 15 passive_ratio            x clause_depth             r=+0.63  [moderate]
13.1s 16 ttr                      x zipf_deviation           r=+0.59  [moderate]
13.1s 17 function_word_ratio      x pos_entropy              r=+0.57  [moderate]
13.1s 18 compressibility          x sent_opener_diversity    r=+0.48  [moderate]
13.1s 19 zipf_deviation           x sent_opener_diversity    r=+0.47  [moderate]
13.1s 20 
13.1s 21 class separation of the pool (|scaled mean gap|):
13.1s 22 burstiness               0.973
13.1s 23 function_word_ratio      0.700
13.1s 24 ttr                      0.666
13.1s 25 quote_ratio              0.583
13.1s 26 pos_entropy              0.513
13.1s 27 quote_variety            0.467
13.1s 28 sent_opener_diversity    0.415
13.1s 29 coord_sub_ratio          0.272
13.1s 30 zipf_deviation           0.226
13.1s 31 clause_depth             0.190
13.1s 32 passive_ratio            0.179
13.1s 33 compressibility          0.168
15.1s 34 fitters ready | screening on val, reporting on test
15.3s 35 configurations to screen: 3797
320.2s 36 [  200/3797] 1.53s/config | ETA 91m
624.2s 37 [  400/3797] 1.52s/config | ETA 86m
931.4s 38 [  600/3797] 1.53s/config | ETA 81m
1228.6s 39 [  800/3797] 1.52s/config | ETA 76m
1524.5s 40 [ 1000/3797] 1.51s/config | ETA 70m
1834.7s 41 [ 1200/3797] 1.52s/config | ETA 66m
2123.5s 42 [ 1400/3797] 1.51s/config | ETA 60m
2426.2s 43 [ 1600/3797] 1.51s/config | ETA 55m
2716.1s 44 [ 1800/3797] 1.50s/config | ETA 50m
3025.2s 45 [ 2000/3797] 1.51s/config | ETA 45m
3307.2s 46 [ 2200/3797] 1.50s/config | ETA 40m
3589.5s 47 [ 2400/3797] 1.49s/config | ETA 35m
3876.8s 48 [ 2600/3797] 1.49s/config | ETA 30m
4164.8s 49 [ 2800/3797] 1.48s/config | ETA 25m
4437.9s 50 [ 3000/3797] 1.47s/config | ETA 20m
4717.4s 51 [ 3200/3797] 1.47s/config | ETA 15m
5011.4s 52 [ 3400/3797] 1.47s/config | ETA 10m
5308.8s 53 [ 3600/3797] 1.47s/config | ETA 5m
5603.6s 54 [ 3797/3797] 1.47s/config | ETA 0m
5603.6s 55 
5603.6s 56 screening complete: (3797, 11) in 93 min
5603.7s 57 aggregated marginal contribution on validation (pp; + = helps on average):
5603.7s 58 feature  n_with  n_without  m_val_worst  m_val_mean
5603.7s 59 burstiness    1981       1816        0.972       0.097
5603.7s 60 ttr    1981       1816        0.823       0.628
5603.7s 61 zipf_deviation    1981       1816        0.213       0.036
5603.7s 62 passive_ratio    1981       1816        0.182      -0.018
5603.7s 63 function_word_ratio    1981       1816        0.094       0.341
5603.7s 64 compressibility    1981       1816        0.092       0.006
5603.7s 65 quote_ratio    1981       1816        0.064       0.010
5603.7s 66 pos_entropy    1981       1816       -0.009       0.026
5603.7s 67 quote_variety    1981       1816       -0.209      -0.033
5603.7s 68 clause_depth    1981       1816       -0.236      -0.103
5603.7s 69 sent_opener_diversity    1981       1816       -0.964       0.016
5603.7s 70 coord_sub_ratio    1981       1816       -1.851      -0.302
5603.8s 71 finalists carried to test: 29
5723.5s 72 
5723.5s 73 TEST results (finalists + references), ranked by LOGO worst fold:
5723.5s 74 
5723.5s 75 label  n_active  test_standard_f1  test_logo_mean  test_logo_worst test_worst_gen
5723.5s 76 search: burstiness, ttr, quote_ratio, function_word_ratio, passive_ratio, compressibility         6              99.6            98.2             95.2            gpt
5723.5s 77 search: burstiness, ttr, function_word_ratio, passive_ratio, compressibility         5              99.7            98.2             94.7            gpt
5723.5s 78 search: burstiness, ttr, quote_ratio, function_word_ratio, pos_entropy, clause_depth, compressibility         7              99.7            98.2             94.7            gpt
5723.5s 79 search: burstiness, ttr, quote_ratio, quote_variety, function_word_ratio, passive_ratio, compressibility         7              99.7            98.1             94.7            gpt
5723.5s 80 REF pool 13        12              99.7            98.0             94.7            gpt
5723.5s 81 REF all 16        16              99.7            98.2             94.7            gpt
5723.5s 82 search: burstiness, ttr, quote_variety, function_word_ratio, pos_entropy, compressibility         6              99.6            98.2             94.7            gpt
5723.5s 83 search: burstiness, ttr, quote_ratio, function_word_ratio, pos_entropy, passive_ratio, compressibility         7              99.6            98.2             94.7            gpt
5723.5s 84 search: burstiness, ttr, function_word_ratio, pos_entropy, compressibility, zipf_deviation         6              99.7            98.0             94.2            gpt
5723.5s 85 search: ttr, quote_ratio, function_word_ratio, pos_entropy, passive_ratio, compressibility, zipf_deviation         7              99.7            98.2             94.2            gpt
5723.5s 86 search: ttr, quote_ratio, function_word_ratio, passive_ratio, compressibility, zipf_deviation         6              99.7            98.2             94.2            gpt
5723.5s 87 search: burstiness, ttr, quote_ratio, function_word_ratio, pos_entropy, passive_ratio, zipf_deviation         7              99.7            98.0             94.2            gpt
5723.5s 88 search: burstiness, ttr, quote_variety, function_word_ratio, compressibility, zipf_deviation         6              99.7            98.0             94.2            gpt
5723.5s 89 search: burstiness, ttr, quote_ratio, quote_variety, function_word_ratio, compressibility         6              99.6            98.0             94.2            gpt
5723.5s 90 search: burstiness, ttr, quote_ratio, quote_variety, function_word_ratio, pos_entropy, passive_ratio, compressibility         8              99.6            98.0             94.2            gpt
5723.5s 91 search: burstiness, ttr, quote_ratio, function_word_ratio, pos_entropy, clause_depth, compressibility, zipf_deviation         8              99.6            98.1             94.2            gpt
5723.5s 92 search: burstiness, ttr, quote_ratio, quote_variety, function_word_ratio, pos_entropy, clause_depth, zipf_deviation         8              99.6            98.0             94.2            gpt
5723.5s 93 search: burstiness, ttr, quote_variety, function_word_ratio, pos_entropy, clause_depth, compressibility, zipf_deviation         8              99.6            98.1             94.2            gpt
5723.5s 94 search: burstiness, ttr, quote_variety, coord_sub_ratio, function_word_ratio, pos_entropy, passive_ratio         7              99.6            98.0             94.2            gpt
5723.5s 95 search: burstiness, ttr, quote_ratio, quote_variety, function_word_ratio, pos_entropy, passive_ratio, zipf_deviation         8              99.6            98.0             94.2            gpt
5723.5s 96 
5723.5s 97 references:
5723.5s 98 label  n_active  test_standard_f1  test_logo_mean  test_logo_worst test_worst_gen
5723.5s 99 REF pool 13        12              99.7            98.0             94.7            gpt
5723.5s 100 REF all 16        16              99.7            98.2             94.7            gpt
5723.5s 101 REF official 5         5              99.6            98.0             94.2            gpt
5723.5s 102 REF best + targeted_ppl         6              99.8            98.2             93.8            gpt
5723.5s 103 REF neural only         0              99.7            98.1             92.7            gpt
5723.6s 104 official five     : std 99.6 | logo mean 98.0 | worst 94.2 (gpt)
5723.6s 105 best searched     : std 99.6 | logo mean 98.2 | worst 95.2 (gpt)
5723.6s 106 features        : burstiness, ttr, quote_ratio, function_word_ratio, passive_ratio, compressibility
5723.6s 107 n_active        : 6
5723.6s 108 
5723.6s 109 validation->test gap on the worst fold: +1.3 pp
5723.6s 110 
5723.6s 111 vs official five: worst +1.0 pp, standard +0.0 pp
5723.6s 112 VERDICT: the searched subset earns promotion — update Vstat and the dimensions downstream
5723.6s 113 
5723.6s 114 cost of keeping targeted_ppl on top of the best subset: worst -1.4 pp, standard +0.2 pp
5723.6s 115 (the proposal names Targeted Perplexity in its title and keywords, so this number decides whether dropping it needs to be defended or simply reported)
5726.3s 116 /usr/local/lib/python3.12/dist-packages/mistune.py:435: SyntaxWarning: invalid escape sequence '\|'
5726.3s 117 cells[i][c] = re.sub('\\\\\|', '|', cell)
5726.5s 118 /usr/local/lib/python3.12/dist-packages/nbconvert/filters/filter_links.py:36: SyntaxWarning: invalid escape sequence '\_'
5726.5s 119 text = re.sub(r'_', '\_', text) # Escape underscores in display text
5727.1s 120 [NbConvertApp] Converting notebook __notebook__.ipynb to notebook
5727.5s 121 [NbConvertApp] Writing 38947 bytes to __notebook__.ipynb
5729.9s 122 [NbConvertApp] Converting notebook __notebook__.ipynb to html
5730.8s 123 [NbConvertApp] Writing 364306 bytes to __results__.html